Unhandled SB-C::INPUT-ERROR-IN-LOAD in thread #<SB-THREAD:THREAD tid=38231 "main thread" RUNNING
                                                 {1200030003}>:
  READ error during LOAD:

    Package ASDF does not exist.

      Line: 30, Column: 34, File-Position: 1260

      Stream: #<SB-SYS:FD-STREAM for "file /home/polycrate/Projets/Jam/JOTL/scripts/load-jotl.lisp" {1200031D63}>

Backtrace for: #<SB-THREAD:THREAD tid=38231 "main thread" RUNNING {1200030003}>
0: (SB-DEBUG::DEBUGGER-DISABLED-HOOK #<SB-C::INPUT-ERROR-IN-LOAD {1200C37313}> #<unused argument> :QUIT T)
1: (SB-DEBUG::RUN-HOOK *INVOKE-DEBUGGER-HOOK* #<SB-C::INPUT-ERROR-IN-LOAD {1200C37313}>)
2: (INVOKE-DEBUGGER #<SB-C::INPUT-ERROR-IN-LOAD {1200C37313}>)
3: (ERROR #<SB-C::INPUT-ERROR-IN-LOAD {1200C37313}>)
4: (SB-C:COMPILER-ERROR SB-C::INPUT-ERROR-IN-LOAD :CONDITION #<SB-INT:SIMPLE-READER-PACKAGE-ERROR "Package ~A does not exist." {1200C372C3}> :STREAM #<SB-SYS:FD-STREAM for "file /home/polycrate/Projets/Jam/JOTL/scripts/load-jotl.lisp" {1200031D63}>)
5: (SB-C::%DO-FORMS-FROM-INFO #<FUNCTION (LAMBDA (SB-KERNEL:FORM &KEY :CURRENT-INDEX &ALLOW-OTHER-KEYS) :IN SB-INT:LOAD-AS-SOURCE) {7FD8B6FAF3DB}> #<SB-C::SOURCE-INFO {1200BE5513}> SB-C::INPUT-ERROR-IN-LOAD)
6: (SB-INT:LOAD-AS-SOURCE #<SB-SYS:FD-STREAM for "file /home/polycrate/Projets/Jam/JOTL/scripts/load-jotl.lisp" {1200031D63}> :VERBOSE NIL :PRINT NIL :CONTEXT "loading")
7: ((LABELS SB-FASL::LOAD-STREAM-1 :IN LOAD) #<SB-SYS:FD-STREAM for "file /home/polycrate/Projets/Jam/JOTL/scripts/load-jotl.lisp" {1200031D63}> NIL)
8: (SB-FASL::CALL-WITH-LOAD-BINDINGS #<FUNCTION (LABELS SB-FASL::LOAD-STREAM-1 :IN LOAD) {7FD8B6FAF79B}> #<SB-SYS:FD-STREAM for "file /home/polycrate/Projets/Jam/JOTL/scripts/load-jotl.lisp" {1200031D63}> NIL #<SB-SYS:FD-STREAM for "file /home/polycrate/Projets/Jam/JOTL/scripts/load-jotl.lisp" {1200031D63}>)
9: (LOAD #<SB-SYS:FD-STREAM for "file /home/polycrate/Projets/Jam/JOTL/scripts/load-jotl.lisp" {1200031D63}> :VERBOSE NIL :PRINT NIL :IF-DOES-NOT-EXIST :ERROR :EXTERNAL-FORMAT :DEFAULT)
10: ((FLET SB-IMPL::LOAD-SCRIPT :IN SB-IMPL::PROCESS-SCRIPT) #<SB-SYS:FD-STREAM for "file /home/polycrate/Projets/Jam/JOTL/scripts/load-jotl.lisp" {1200031D63}>)
11: ((FLET SB-UNIX::BODY :IN SB-IMPL::PROCESS-SCRIPT))
12: ((FLET "WITHOUT-INTERRUPTS-BODY-" :IN SB-IMPL::PROCESS-SCRIPT))
13: (SB-IMPL::PROCESS-SCRIPT "scripts/load-jotl.lisp")
14: (SB-IMPL::TOPLEVEL-INIT)
15: ((FLET SB-UNIX::BODY :IN SB-IMPL::START-LISP))
16: ((FLET "WITHOUT-INTERRUPTS-BODY-3" :IN SB-IMPL::START-LISP))
17: (SB-IMPL::%START-LISP)

unhandled condition in --disable-debugger mode, quitting
